==========================================
🕒 Daily Job Sync started at Fri Sep 18 10:20:01 EDT 2026
==========================================

=======================================================
🚀 Running Job Email Sync [MODE: DAILY]
Connected to macOS Apple Mail across 9 accounts
=======================================================

🔍 Checking [Exchange] -> Interviews...
   ✓ Found 9 relevant job emails
🔍 Checking [Exchange] -> Rejections...
   ✓ Found 1 relevant job emails
🔍 Checking [Exchange] -> In Progress...
   ✓ Found 1 relevant job emails
🔍 Checking [Exchange] -> GA Job...
🔍 Checking [Exchange] -> BigInterview...
   ✓ Found 3 relevant job emails
🔍 Checking [Exchange] -> Career Brew...
   ✓ Found 1 relevant job emails
🔍 Checking [Exchange] -> Bloomberg...
🔍 Checking [Exchange] -> Ford...
🔍 Checking [Exchange] -> Inbox...
🔍 Checking [Google] -> Bank of America...
   ✓ Found 3 relevant job emails
🔍 Checking [Google] -> Rejections...
🔍 Checking [Google] -> Job...
🔍 Checking [sverma357@gatech.edu] -> JOB...
🔍 Checking [sverma357@gatech.edu] -> Inbox...
   ✓ Found 2 relevant job emails
🔍 Checking [shreejitverma1234@gmail.com] -> Work...
🔍 Checking [shreejitverma1234@gmail.com] -> INBOX...
🔍 Checking [shreejitfinance@gmail.com] -> INBOX...
🔍 Checking [shreejitabroad@gmail.com] -> INBOX...
🔍 Checking [vermashreejit@gmail.com] -> INBOX...
🔍 Checking [sverma16@stevens.edu] -> INBOX...
🔍 Checking [iCloud] -> INBOX...

✅ Total relevant emails retrieved: 20
📁 Updated cache at /Users/shreejitverma/github/SDE-Interview-Prep/16-Interview-Command-Center/03-Pipeline/extracted_emails.json

📋 Recent Job Pipeline Updates:
------------------------------------------------------------
[1] WCC Webinar on Professional Presentations
    Sender: Sarah Minsloff <sminslof@stevens.edu> | Date: Friday, November 8, 2024 at 9:11:47 AM
    Snippet: Hello there!  Thank you so much for attending the WCC's webinar, Professional Presentations. You can view the video here...

[2] Action Required: Morgan Stanley Alphawise HackerRank Exam
    Sender: Morgan Stanley Hiring Team <support@hackerrankforwork.com> | Date: Friday, November 1, 2024 at 8:46:27 AM
    Snippet: CAUTION: This email originated from outside the organization. Please do not click links or open attachments unless you r...

[3] You're Invited: 10/29 "Behind the Code" Webinar
    Sender: kkrcampusrecruiting@kkr.com | Date: Wednesday, October 30, 2024 at 10:15:11 AM
    Snippet: CAUTION: This email originated from outside the organization. Please do not click links or open attachments unless you r...

[4] Garda Capital  Partners - Initial Assessment
    Sender: Garda Capital Partners <DO-NOT-REPLY@criteriacorp.com> | Date: Tuesday, October 22, 2024 at 10:45:56 AM
    Snippet: CAUTION: This email originated from outside the organization. Please do not click links or open attachments unless you r...

[5] Garda Capital  Partners - Initial Assessment
    Sender: Garda Capital Partners <DO-NOT-REPLY@criteriacorp.com> | Date: Tuesday, October 22, 2024 at 9:37:15 AM
    Snippet: CAUTION: This email originated from outside the organization. Please do not click links or open attachments unless you r...

[6] WCC Webinar on LinkedIn Profiles
    Sender: Sarah Minsloff <sminslof@stevens.edu> | Date: Thursday, October 17, 2024 at 1:19:40 PM
    Snippet: Hello there!  Thank you so much for attending the WCC's webinar, LinkedIn Profiles. You can view the video here.  To hel...

[7] Invitation to complete an online assessment
    Sender: barclays@myworkday.com | Date: Wednesday, October 9, 2024 at 12:47:24 PM
    Snippet: CAUTION: This email originated from outside the organization. Please do not click links or open attachments unless you r...

[8] 2024 FID Strats HackerRank Online Exam Invitation
    Sender: Morgan Stanley Hiring Team <support@hackerrankforwork.com> | Date: Wednesday, October 2, 2024 at 12:18:37 PM
    Snippet: CAUTION: This email originated from outside the organization. Please do not click links or open attachments unless you r...

[9] Goldman Sachs: Complete Your Technical Assessment
    Sender: Goldman Sachs Recruiting <noreply@careers.gs.com> | Date: Wednesday, October 2, 2024 at 1:27:34 AM
    Snippet: CAUTION: This email originated from outside the organization. Please do not click links or open attachments unless you r...

[10] Application Update |  Quantitative Researcher, Early Career  - Aquatic Capital Management
    Sender: recruiting@aquatic.com | Date: Wednesday, August 20, 2025 at 12:01:14 PM
    Snippet: CAUTION: This email originated from outside of Stevens. Please do not click links or open attachments unless you recogni...

[11] Immediate Opportunity---Senior C++ Software Engineer – Market Data
    Sender: Shiv Kumar <shiva@sagarsoft.com> | Date: Wednesday, December 10, 2025 at 4:01:20 PM
    Snippet: CAUTION: This email originated from outside of Stevens. Please do not click links or open attachments unless you recogni...

[12] [BigInterview] A scan has been completed
    Sender: Big Interview <support@biginterview.com> | Date: Wednesday, July 17, 2024 at 4:32:52 PM
    Snippet: CAUTION: This email originated from outside the organization. Please do not click links or open attachments unless you r...

[13] [BigInterview] A scan has been completed
    Sender: Big Interview <support@biginterview.com> | Date: Wednesday, July 17, 2024 at 4:27:26 PM
    Snippet: CAUTION: This email originated from outside the organization. Please do not click links or open attachments unless you r...

[14] [BigInterview] A scan has been completed
    Sender: Big Interview <support@biginterview.com> | Date: Wednesday, July 17, 2024 at 4:27:16 PM
    Snippet: CAUTION: This email originated from outside the organization. Please do not click links or open attachments unless you r...

[15] 🔴 Career Brew (🎓☕) - 9th Mar - 83 Hottest Early to Mid Career Jobs - Do Not Miss
    Sender: Career Brew <careerbrew@substack.com> | Date: Monday, March 9, 2026 at 10:15:28 AM
    Snippet: CAUTION: This email originated from outside of Stevens. Please do not click links or open attachments unless you recogni...

✅ Sync completed at Fri Sep 18 10:25:19 EDT 2026

==========================================
🕒 Daily Job Sync started at Sat Sep 19 09:06:24 EDT 2026
==========================================
==========================================
🕒 Daily Job Sync started at Sat Sep 19 09:23:58 EDT 2026
==========================================

=======================================================
🚀 Running Job Email Sync [MODE: DAILY]
Connected to macOS Apple Mail across 9 accounts
=======================================================

🔍 Checking [Exchange] -> Interviews...
🔍 Checking [Exchange] -> Rejections...
🔍 Checking [Exchange] -> In Progress...
🔍 Checking [Exchange] -> GA Job...
🔍 Checking [Exchange] -> BigInterview...
🔍 Checking [Exchange] -> Career Brew...
🔍 Checking [Exchange] -> Bloomberg...
🔍 Checking [Exchange] -> Ford...
🔍 Checking [Exchange] -> Inbox...
🔍 Checking [Google] -> Bank of America...
🔍 Checking [Google] -> Rejections...
🔍 Checking [Google] -> Job...
🔍 Checking [sverma357@gatech.edu] -> JOB...
🔍 Checking [sverma357@gatech.edu] -> Inbox...
🔍 Checking [shreejitverma1234@gmail.com] -> Work...
🔍 Checking [shreejitverma1234@gmail.com] -> INBOX...
🔍 Checking [shreejitfinance@gmail.com] -> INBOX...
🔍 Checking [shreejitabroad@gmail.com] -> INBOX...
🔍 Checking [vermashreejit@gmail.com] -> INBOX...
🔍 Checking [sverma16@stevens.edu] -> INBOX...
🔍 Checking [iCloud] -> INBOX...
   ✓ Found 1 relevant job emails

✅ Total relevant emails retrieved: 1
📁 Updated cache at /Users/shreejitverma/github/SDE-Interview-Prep/16-Interview-Command-Center/03-Pipeline/extracted_emails.json

📋 Recent Job Pipeline Updates:
------------------------------------------------------------
[1] Your payment has been received
    Sender: Apple Card Support <no_reply@post.applecard.apple> | Date: Friday, September 18, 2026 at 11:27:01 AM
    Snippet: ￼ Apple Card Customer: Shreejit Verma, shreejitverma@icloud.com  ￼  We've received a payment of $200.00 you made on Sep ...

✅ Sync completed at Sat Sep 19 15:39:47 EDT 2026


=======================================================
🚀 Running Job Email Sync [MODE: DAILY]
Connected to macOS Apple Mail across 9 accounts
=======================================================

🔍 Checking [Exchange] -> Interviews...
🔍 Checking [Exchange] -> Rejections...
🔍 Checking [Exchange] -> In Progress...
🔍 Checking [Exchange] -> GA Job...
🔍 Checking [Exchange] -> BigInterview...
🔍 Checking [Exchange] -> Career Brew...
🔍 Checking [Exchange] -> Bloomberg...
🔍 Checking [Exchange] -> Ford...
🔍 Checking [Exchange] -> Inbox...
🔍 Checking [Google] -> Bank of America...
🔍 Checking [Google] -> Rejections...
🔍 Checking [Google] -> Job...
🔍 Checking [sverma357@gatech.edu] -> JOB...
🔍 Checking [sverma357@gatech.edu] -> Inbox...
🔍 Checking [shreejitverma1234@gmail.com] -> Work...
🔍 Checking [shreejitverma1234@gmail.com] -> INBOX...
🔍 Checking [shreejitfinance@gmail.com] -> INBOX...
🔍 Checking [shreejitabroad@gmail.com] -> INBOX...
🔍 Checking [vermashreejit@gmail.com] -> INBOX...
🔍 Checking [sverma16@stevens.edu] -> INBOX...
🔍 Checking [iCloud] -> INBOX...
   ✓ Found 1 relevant job emails

✅ Total relevant emails retrieved: 1
📁 Updated cache at /Users/shreejitverma/github/SDE-Interview-Prep/16-Interview-Command-Center/03-Pipeline/extracted_emails.json

📋 Recent Job Pipeline Updates:
------------------------------------------------------------
[1] Your payment has been received
    Sender: Apple Card Support <no_reply@post.applecard.apple> | Date: Friday, September 18, 2026 at 11:27:01 AM
    Snippet: ￼ Apple Card Customer: Shreejit Verma, shreejitverma@icloud.com  ￼  We've received a payment of $200.00 you made on Sep ...

✅ Sync completed at Sat Sep 19 15:39:47 EDT 2026

==========================================
🕒 Daily Job Sync started at Sun Sep 20 09:01:48 EDT 2026
==========================================

=======================================================
🚀 Running Job Email Sync [MODE: DAILY]
Connected to macOS Apple Mail across 9 accounts
=======================================================

🔍 Checking [Exchange] -> Interviews...
   ✓ Found 9 relevant job emails
🔍 Checking [Exchange] -> Rejections...
   ✓ Found 1 relevant job emails
🔍 Checking [Exchange] -> In Progress...
   ✓ Found 1 relevant job emails
🔍 Checking [Exchange] -> GA Job...
   ✓ Found 20 relevant job emails
🔍 Checking [Exchange] -> BigInterview...
   ✓ Found 3 relevant job emails
🔍 Checking [Exchange] -> Career Brew...
   ✓ Found 1 relevant job emails
🔍 Checking [Exchange] -> Bloomberg...
🔍 Checking [Exchange] -> Ford...
🔍 Checking [Exchange] -> Inbox...
🔍 Checking [Google] -> Bank of America...
   ✓ Found 3 relevant job emails
🔍 Checking [Google] -> Rejections...
   ✓ Found 20 relevant job emails
🔍 Checking [Google] -> Job...
   ✓ Found 20 relevant job emails
🔍 Checking [sverma357@gatech.edu] -> JOB...
   ✓ Found 20 relevant job emails
🔍 Checking [sverma357@gatech.edu] -> Inbox...
   ✓ Found 3 relevant job emails
🔍 Checking [shreejitverma1234@gmail.com] -> Work...
🔍 Checking [shreejitverma1234@gmail.com] -> INBOX...
🔍 Checking [shreejitfinance@gmail.com] -> INBOX...
🔍 Checking [shreejitabroad@gmail.com] -> INBOX...
🔍 Checking [vermashreejit@gmail.com] -> INBOX...
🔍 Checking [sverma16@stevens.edu] -> INBOX...
🔍 Checking [iCloud] -> INBOX...
   ✓ Found 1 relevant job emails

✅ Total relevant emails retrieved: 102
📁 Updated cache at /Users/shreejitverma/github/SDE-Interview-Prep/16-Interview-Command-Center/03-Pipeline/extracted_emails.json

📋 Recent Job Pipeline Updates:
------------------------------------------------------------
[1] WCC Webinar on Professional Presentations
    Sender: Sarah Minsloff <sminslof@stevens.edu> | Date: Friday, November 8, 2024 at 9:11:47 AM
    Snippet: Hello there!  Thank you so much for attending the WCC's webinar, Professional Presentations. You can view the video here...

[2] Action Required: Morgan Stanley Alphawise HackerRank Exam
    Sender: Morgan Stanley Hiring Team <support@hackerrankforwork.com> | Date: Friday, November 1, 2024 at 8:46:27 AM
    Snippet: CAUTION: This email originated from outside the organization. Please do not click links or open attachments unless you r...

[3] You're Invited: 10/29 "Behind the Code" Webinar
    Sender: kkrcampusrecruiting@kkr.com | Date: Wednesday, October 30, 2024 at 10:15:11 AM
    Snippet: CAUTION: This email originated from outside the organization. Please do not click links or open attachments unless you r...

[4] Garda Capital  Partners - Initial Assessment
    Sender: Garda Capital Partners <DO-NOT-REPLY@criteriacorp.com> | Date: Tuesday, October 22, 2024 at 10:45:56 AM
    Snippet: CAUTION: This email originated from outside the organization. Please do not click links or open attachments unless you r...

[5] Garda Capital  Partners - Initial Assessment
    Sender: Garda Capital Partners <DO-NOT-REPLY@criteriacorp.com> | Date: Tuesday, October 22, 2024 at 9:37:15 AM
    Snippet: CAUTION: This email originated from outside the organization. Please do not click links or open attachments unless you r...

[6] WCC Webinar on LinkedIn Profiles
    Sender: Sarah Minsloff <sminslof@stevens.edu> | Date: Thursday, October 17, 2024 at 1:19:40 PM
    Snippet: Hello there!  Thank you so much for attending the WCC's webinar, LinkedIn Profiles. You can view the video here.  To hel...

[7] Invitation to complete an online assessment
    Sender: barclays@myworkday.com | Date: Wednesday, October 9, 2024 at 12:47:24 PM
    Snippet: CAUTION: This email originated from outside the organization. Please do not click links or open attachments unless you r...

[8] 2024 FID Strats HackerRank Online Exam Invitation
    Sender: Morgan Stanley Hiring Team <support@hackerrankforwork.com> | Date: Wednesday, October 2, 2024 at 12:18:37 PM
    Snippet: CAUTION: This email originated from outside the organization. Please do not click links or open attachments unless you r...

[9] Goldman Sachs: Complete Your Technical Assessment
    Sender: Goldman Sachs Recruiting <noreply@careers.gs.com> | Date: Wednesday, October 2, 2024 at 1:27:34 AM
    Snippet: ...

[10] Application Update |  Quantitative Researcher, Early Career  - Aquatic Capital Management
    Sender: recruiting@aquatic.com | Date: Wednesday, August 20, 2025 at 12:01:14 PM
    Snippet: CAUTION: This email originated from outside of Stevens. Please do not click links or open attachments unless you recogni...

[11] Immediate Opportunity---Senior C++ Software Engineer – Market Data
    Sender: Shiv Kumar <shiva@sagarsoft.com> | Date: Wednesday, December 10, 2025 at 4:01:20 PM
    Snippet: CAUTION: This email originated from outside of Stevens. Please do not click links or open attachments unless you recogni...

[12] New TOEFL Scoring system
    Sender: Joe Huang <zhuang68@stevens.edu> | Date: Friday, January 16, 2026 at 11:29:15 AM
    Snippet: Hello Team,  Happy Friday! As you may know, TOEFL is implementing a new scoring system, changing from the traditional 0–...

[13] Guideline for Handling CPE Program Inquiries
    Sender: Joe Huang <zhuang68@stevens.edu> | Date: Friday, January 9, 2026 at 11:00:10 AM
    Snippet: Dear Team, Please follow these steps when handling inquiries related to online programs managed by the Corporate and Pro...

[14] Re: Paul Kim shared "2026 Grad Inbox Schedule " with you
    Sender: Amanda Mendez <amendez@stevens.edu> | Date: Wednesday, January 7, 2026 at 1:00:52 PM
    Snippet: ...

[15] Paul Kim shared "2026 Grad Inbox Schedule " with you
    Sender: Paul Kim <skim8@stevens.edu> | Date: Tuesday, January 6, 2026 at 12:03:48 PM
    Snippet: ...

✅ Sync completed at Sun Sep 20 11:25:54 EDT 2026

==========================================
🕒 Daily Job Sync started at Mon Sep 21 09:13:26 EDT 2026
==========================================

=======================================================
🚀 Running Job Email Sync [MODE: DAILY]
Connected to macOS Apple Mail across 9 accounts
=======================================================

🔍 Checking [Exchange] -> Interviews...
   ✓ Found 9 relevant job emails
🔍 Checking [Exchange] -> Rejections...
   ✓ Found 1 relevant job emails
🔍 Checking [Exchange] -> In Progress...
   ✓ Found 1 relevant job emails
🔍 Checking [Exchange] -> GA Job...
   ✓ Found 20 relevant job emails
🔍 Checking [Exchange] -> BigInterview...
   ✓ Found 3 relevant job emails
🔍 Checking [Exchange] -> Career Brew...
   ✓ Found 1 relevant job emails
🔍 Checking [Exchange] -> Bloomberg...
🔍 Checking [Exchange] -> Ford...
🔍 Checking [Exchange] -> Inbox...
🔍 Checking [Google] -> Bank of America...
   ✓ Found 3 relevant job emails
🔍 Checking [Google] -> Rejections...
   ✓ Found 20 relevant job emails
🔍 Checking [Google] -> Job...
   ✓ Found 20 relevant job emails
🔍 Checking [sverma357@gatech.edu] -> JOB...
   ✓ Found 20 relevant job emails
🔍 Checking [sverma357@gatech.edu] -> Inbox...
   ✓ Found 3 relevant job emails
🔍 Checking [shreejitverma1234@gmail.com] -> Work...
🔍 Checking [shreejitverma1234@gmail.com] -> INBOX...
🔍 Checking [shreejitfinance@gmail.com] -> INBOX...
🔍 Checking [shreejitabroad@gmail.com] -> INBOX...
🔍 Checking [vermashreejit@gmail.com] -> INBOX...
🔍 Checking [sverma16@stevens.edu] -> INBOX...
🔍 Checking [iCloud] -> INBOX...

✅ Total relevant emails retrieved: 101
📁 Updated cache at /Users/shreejitverma/github/SDE-Interview-Prep/16-Interview-Command-Center/03-Pipeline/extracted_emails.json

📋 Recent Job Pipeline Updates:
------------------------------------------------------------
[1] WCC Webinar on Professional Presentations
    Sender: Sarah Minsloff <sminslof@stevens.edu> | Date: Friday, November 8, 2024 at 9:11:47 AM
    Snippet: Hello there!  Thank you so much for attending the WCC's webinar, Professional Presentations. You can view the video here...

[2] Action Required: Morgan Stanley Alphawise HackerRank Exam
    Sender: Morgan Stanley Hiring Team <support@hackerrankforwork.com> | Date: Friday, November 1, 2024 at 8:46:27 AM
    Snippet: CAUTION: This email originated from outside the organization. Please do not click links or open attachments unless you r...

[3] You're Invited: 10/29 "Behind the Code" Webinar
    Sender: kkrcampusrecruiting@kkr.com | Date: Wednesday, October 30, 2024 at 10:15:11 AM
    Snippet: CAUTION: This email originated from outside the organization. Please do not click links or open attachments unless you r...

[4] Garda Capital  Partners - Initial Assessment
    Sender: Garda Capital Partners <DO-NOT-REPLY@criteriacorp.com> | Date: Tuesday, October 22, 2024 at 10:45:56 AM
    Snippet: CAUTION: This email originated from outside the organization. Please do not click links or open attachments unless you r...

[5] Garda Capital  Partners - Initial Assessment
    Sender: Garda Capital Partners <DO-NOT-REPLY@criteriacorp.com> | Date: Tuesday, October 22, 2024 at 9:37:15 AM
    Snippet: CAUTION: This email originated from outside the organization. Please do not click links or open attachments unless you r...

[6] WCC Webinar on LinkedIn Profiles
    Sender: Sarah Minsloff <sminslof@stevens.edu> | Date: Thursday, October 17, 2024 at 1:19:40 PM
    Snippet: Hello there!  Thank you so much for attending the WCC's webinar, LinkedIn Profiles. You can view the video here.  To hel...

[7] Invitation to complete an online assessment
    Sender: barclays@myworkday.com | Date: Wednesday, October 9, 2024 at 12:47:24 PM
    Snippet: CAUTION: This email originated from outside the organization. Please do not click links or open attachments unless you r...

[8] 2024 FID Strats HackerRank Online Exam Invitation
    Sender: Morgan Stanley Hiring Team <support@hackerrankforwork.com> | Date: Wednesday, October 2, 2024 at 12:18:37 PM
    Snippet: CAUTION: This email originated from outside the organization. Please do not click links or open attachments unless you r...

[9] Goldman Sachs: Complete Your Technical Assessment
    Sender: Goldman Sachs Recruiting <noreply@careers.gs.com> | Date: Wednesday, October 2, 2024 at 1:27:34 AM
    Snippet: CAUTION: This email originated from outside the organization. Please do not click links or open attachments unless you r...

[10] Application Update |  Quantitative Researcher, Early Career  - Aquatic Capital Management
    Sender: recruiting@aquatic.com | Date: Wednesday, August 20, 2025 at 12:01:14 PM
    Snippet: CAUTION: This email originated from outside of Stevens. Please do not click links or open attachments unless you recogni...

[11] Immediate Opportunity---Senior C++ Software Engineer – Market Data
    Sender: Shiv Kumar <shiva@sagarsoft.com> | Date: Wednesday, December 10, 2025 at 4:01:20 PM
    Snippet: CAUTION: This email originated from outside of Stevens. Please do not click links or open attachments unless you recogni...

[12] New TOEFL Scoring system
    Sender: Joe Huang <zhuang68@stevens.edu> | Date: Friday, January 16, 2026 at 11:29:15 AM
    Snippet: Hello Team,  Happy Friday! As you may know, TOEFL is implementing a new scoring system, changing from the traditional 0–...

[13] Guideline for Handling CPE Program Inquiries
    Sender: Joe Huang <zhuang68@stevens.edu> | Date: Friday, January 9, 2026 at 11:00:10 AM
    Snippet: Dear Team, Please follow these steps when handling inquiries related to online programs managed by the Corporate and Pro...

[14] Re: Paul Kim shared "2026 Grad Inbox Schedule " with you
    Sender: Amanda Mendez <amendez@stevens.edu> | Date: Wednesday, January 7, 2026 at 1:00:52 PM
    Snippet: Hi Paul,  Thank you for creating the new 2026 schedule.  I appreciate you organizing this schedule to show the number of...

[15] Paul Kim shared "2026 Grad Inbox Schedule " with you
    Sender: Paul Kim <skim8@stevens.edu> | Date: Tuesday, January 6, 2026 at 12:03:48 PM
    Snippet: ￼   Paul Kim invited you to edit a file   Here's the document that Paul Kim shared with you. ￼ 2026 Grad Inbox Schedule ...

✅ Sync completed at Mon Sep 21 11:38:35 EDT 2026

